2026-09-26T20:07:50.255 Leonard
Session log: 26-Sep-2026 - Copy.len\2026-09-26T20-07-50.255.log

=== LEONARD SELECTIONS ===
Samples: 5387 VB IT 080420_Tube_001
Variables: Comp-b 530_30-A Comp-v 610_20-A Comp-v 670_30-A 
Populations: Gate 1 

Settings:
  Smoothing: 0.03
  Threshold: 0.001
  Max Clusters: 12
  Min Cluster Abs: 0
  Min Cluster Rel: 0
  KLD Norm: 0.04
  KLD Exp: 0.2
  Tolerance: 0.01
  Grid Size: 256

Analysis Method:
Laplace

Processing sample: 5387 VB IT 080420_Tube_001 ... 
2309056 events read
Scaling and unmixing data for analysis...
Finding all the gates and, scaling and unmixing the needed data...
Evaluating all the necessary gates...
Enqueuing population Gate 1
Begin Laplacian clustering on 1439471 events...
Found 1433776 valid events...
Calculating the Laplacian of the sample...
Consistency checks passed...
Performing Laplacian clustering...
Found 4 valid clusters.
